2026-04-23 05:34:17,"0000-nop-cpu",3.08
2026-04-23 05:34:28,"0001-exposure-cpu",2.98
2026-04-23 05:34:40,"0002-local-contrast-cpu",3.62
2026-04-23 05:35:03,"0003-denoise-bilateral-cpu",13.62
2026-04-23 05:35:14,"0004-masks-cpu",3.01
2026-04-23 05:35:25,"0005-orientation-minus-90-cpu",2.80
2026-04-23 05:35:37,"0006-orientation-plus-90-cpu",2.82
2026-04-23 05:35:48,"0007-orientation-180-cpu",2.78
2026-04-23 05:36:00,"0008-flip-h-cpu",2.99
2026-04-23 05:36:12,"0009-flip-v-cpu",2.98
2026-04-23 05:36:24,"0010-flip-hv-cpu",2.99
2026-04-23 05:36:36,"0011-gdnd-90-cpu",2.84
2026-04-23 05:36:47,"0012-gdnd-45-cpu",2.81
2026-04-23 05:37:03,"0013-denoiseprofile-wavelets-cpu",6.68
2026-04-23 05:37:15,"0014-filmic-rgb-cpu",3.09
2026-04-23 05:37:27,"0015-shadhi-bilateral-cpu",3.07
2026-04-23 05:37:39,"0016-lowpass-bilateral-cpu",3.08
2026-04-23 05:37:50,"0017-monochrome-cpu",2.90
2026-04-23 05:38:02,"0018-perspective-corr-cpu",3.15
2026-04-23 05:38:14,"0019-color-mapping-cpu",3.11
2026-04-23 05:38:32,"0020-denoise-nlmeans-cpu",9.59
2026-04-23 05:38:44,"0021-retouch-wavelets-cpu",3.71
2026-04-23 05:38:56,"0022-color-zones-cpu",3.28
2026-04-23 05:39:08,"0023-channelmixer-cpu",3.26
2026-04-23 05:39:21,"0024-contrast-equalizer-cpu",4.39
2026-04-23 05:39:35,"0025-exposure-guided-filter-cpu",4.91
2026-04-23 05:39:47,"0026-haze-removal-cpu",3.44
2026-04-23 05:40:07,"0027-denoiseprofile-nlmeans-cpu",11.85
2026-04-23 05:40:19,"0028-highpass-overlay-cpu",3.16
2026-04-23 05:40:31,"0029-color-correction-cpu",3.14
2026-04-23 05:40:42,"0030-framing-cpu",2.72
2026-04-23 05:40:54,"0031-globaltonemap-drago-cpu",2.93
2026-04-23 05:41:05,"0032-watermark-cpu",2.81
2026-04-23 05:41:17,"0033-blending-modes-uniform-cpu",3.32
2026-04-23 05:41:30,"0034-blending-modes-parametric-cpu",3.75
2026-04-23 05:41:52,"0035-multiple-modules-cpu",13.21
2026-04-23 05:42:03,"0036-liquify-cpu",2.87
2026-04-23 05:42:17,"0037-filmic-reconstruction-cpu",5.36
2026-04-23 05:42:29,"0038-colorcontrast-cpu",2.73
2026-04-23 05:42:40,"0039-invert-cpu",2.60
2026-04-23 05:42:51,"0040-fill-light-cpu",2.81
2026-04-23 05:43:04,"0041-localtonemap-cpu",3.88
2026-04-23 05:43:15,"0042-zonesystem-cpu",2.82
2026-04-23 05:43:26,"0043-dithering-fs-cpu",2.39
2026-04-23 05:43:36,"0044-dithering-random-cpu",2.69
2026-04-23 05:43:48,"0045-vignetting-cpu",3.04
2026-04-23 05:43:59,"0046-demosaic-greens-cpu",2.78
2026-04-23 05:44:11,"0047-demosaic-amaze-cpu",3.37
2026-04-23 05:44:22,"0048-demosaic-vng-cpu",3.19
2026-04-23 05:44:33,"0049-rawdenoise-cpu",2.82
2026-04-23 05:44:45,"0050-bloom-cpu",2.90
2026-04-23 05:44:57,"0051-soften-cpu",3.32
2026-04-23 05:45:08,"0052-color-reconstruction-cpu",2.90
2026-04-23 05:45:19,"0053-levels-cpu",2.78
2026-04-23 05:45:30,"0054-rgblevels-linked-cpu",2.90
2026-04-23 05:45:42,"0055-rgblevels-indep-cpu",2.90
2026-04-23 05:45:53,"0056-vibrance-cpu",2.79
2026-04-23 05:46:04,"0057-colorize-cpu",2.75
2026-04-23 05:46:18,"0058-defringe-cpu",5.35
2026-04-23 05:46:29,"0059-grain-cpu",3.14
2026-04-23 05:46:41,"0060-rgbcurve-indep-cpu",2.92
2026-04-23 05:46:53,"0061-lowlight-cpu",3.00
2026-04-23 05:47:04,"0062-splittoning-cpu",2.95
2026-04-23 05:47:15,"0063-velvia-cpu",2.88
2026-04-23 05:47:29,"0064-demosaic-xtrans-vng-cpu",5.12
2026-04-23 05:47:42,"0065-demosaic-mark1-cpu",4.57
2026-04-23 05:47:56,"0066-demosaic-mark3-cpu",5.95
2026-04-23 05:48:17,"0067-demosaic-fdc-cpu",12.50
2026-04-23 05:48:31,"0068-rawdenoise-xtrans-cpu",5.38
2026-04-23 05:48:43,"0069-tonecurve-rgb-linked-cpu",3.02
2026-04-23 05:48:54,"0070-tonecurve-xyz-linked-cpu",2.99
2026-04-23 05:49:05,"0071-tonecurve-lab-linked-cpu",2.78
2026-04-23 05:49:16,"0072-tonecurve-lab-indep-cpu",2.83
2026-04-23 05:49:28,"0073-spot-removal-cpu",2.89
2026-04-23 05:49:39,"0074-retouch-clone-cpu",3.06
2026-04-23 05:49:59,"0075-retouch-heal-cpu",11.82
2026-04-23 05:50:11,"0076-retouch-blur-fill-cpu",3.04
2026-04-23 05:50:22,"0077-croprotate-keystone-cpu",2.96
2026-04-23 05:50:37,"0078-basecurve-fusion-cpu",6.06
2026-04-23 05:50:48,"0079-toneequal-gf-cpu",2.88
2026-04-23 05:50:59,"0080-toneequal-eigf-cpu",2.90
2026-04-23 05:51:11,"0081-mask-groups-cpu",3.:0
2026-04-23 05:51:23,"0082-demosaic-rcd-cpu",2.74
2026-04-23 05:51:36,"0083-colorbalancergb-cpu",4.83
2026-04-23 05:51:48,"0084-cacorrect-cpu",3.87
2026-04-23 05:52:00,"0085-channelmixerrgb-cpu",3.39
2026-04-23 05:52:14,"0086-diffuse-cpu",5.83
2026-04-23 05:52:25,"0087-blendif-and-or-cpu",3.11
2026-04-23 05:52:37,"0088-blendif-diff-excl-cpu",3.04
2026-04-23 05:52:52,"0089-blurs-cpu",7.04
2026-04-23 05:53:05,"0090-mask-combine-cpu",4.67
2026-04-23 05:53:17,"0091-mask-combine-intersection-inverted-cpu",3.68
2026-04-23 05:53:34,"0092-filmicrgb-v6-cpu",7.71
2026-04-23 05:53:51,"0093-colorbalancergb-ucs-cpu",8.62
2026-04-23 05:54:03,"0094-highlight-segmentation-cpu",3.72
2026-04-23 05:54:21,"0095-highlight-opposed-cpu",3.44
2026-04-23 05:54:41,"0096-lensfun-cpu",6.02
2026-04-23 05:54:57,"0097-sigmoid-cpu",7.64
2026-04-23 05:55:09,"0098-colorchecker-cpu",3.08
2026-04-23 05:55:22,"0099-surfblur-small-radius-cpu",5.28
2026-04-23 05:55:35,"0100-invert-xtrans-cpu",4.57
2026-04-23 05:55:45,"0101-lowpass-gaussian-cpu",2.87
2026-04-23 05:55:57,"0102-censorize-cpu",3.86
2026-04-23 05:56:48,"0103-almost-all-cpu",41.86
2026-04-23 05:57:00,"0104-legacy-filmic-cpu",3.20
2026-04-23 05:57:11,"0105-colorbalance-legacy-cpu",3.27
2026-04-23 05:57:23,"0106-colorbalance-lgg-cpu",3.08
2026-04-23 05:57:34,"0107-colorin-gamma-cpu",2.84
2026-04-23 05:57:45,"0108-colorin-clip-cpu",2.83
2026-04-23 05:57:56,"0109-colorin-gamma-and-clip-cpu",2.88
2026-04-23 05:58:08,"0110-perspective-bilinear-cpu",3.09
2026-04-23 05:58:18,"0111-perspective-lanczos2-cpu",3.28
2026-04-23 05:58:30,"0112-perspective-lanczos3-cpu",3.33
2026-04-23 05:58:40,"0113-resample-bilinear-cpu",2.72
2026-04-23 05:58:50,"0114-resample-bicubic-cpu",2.75
2026-04-23 05:59:00,"0115-resample-lanczos2-cpu",2.75
2026-04-23 05:59:10,"0116-blending-rgb-display-1-cpu",3.30
2026-04-23 05:59:21,"0117-blending-rgb-display-2-cpu",3.42
2026-04-23 05:59:32,"0118-blending-rgb-display-3-cpu",3.36
2026-04-23 05:59:42,"0119-blending-rgb-scene-1-cpu",3.53
2026-04-23 05:59:53,"0120-blending-rgb-scene-2-cpu",3.91
2026-04-23 06:00:03,"0121-blending-rgb-scene-3-cpu",3.95
2026-04-23 06:00:13,"0122-blending-lab-1-cpu",3.37
2026-04-23 06:00:23,"0123-blending-lab-2-cpu",3.33
2026-04-23 06:00:33,"0124-blending-lab-3-cpu",3.29
2026-04-23 06:00:43,"0125-blending-lab-4-cpu",3.19
2026-04-23 06:00:53,"0126-CAT-linear-Bradford-cpu",3.15
2026-04-23 06:01:03,"0127-CAT-nonlinear-Bradford-cpu",3.31
2026-04-23 06:01:13,"0128-CAT-adapt-XYZ-cpu",3.19
2026-04-23 06:01:22,"0129-toneeq-RGB-average-cpu",2.89
2026-04-23 06:01:32,"0130-toneeq-HSL-lightness-cpu",2.88
2026-04-23 06:01:41,"0131-toneeq-RGB-max-cpu",2.81
2026-04-23 06:01:51,"0132-toneeq-RGB-sum-cpu",2.88
2026-04-23 06:02:01,"0133-toneeq-power-cpu",2.89
2026-04-23 06:02:11,"0134-toneeq-geomean-cpu",2.82
2026-04-23 06:02:21,"0135-negadoctor-cpu",3.01
2026-04-23 06:02:30,"0136-posterize-cpu",2.49
2026-04-23 06:02:40,"0137-shadhi-gauss-cpu",3.15
2026-04-23 06:02:51,"0138-filmic-v7-cpu",3.72
2026-04-23 06:03:01,"0139-filmicrgb-v3-nochroma-cpu",3.10
2026-04-23 06:03:11,"0140-filmicrgb-v4-nochroma-cpu",3.16
2026-04-23 06:03:22,"0141-filmicrgb-v5-nochroma-cpu",3.20
2026-04-23 06:03:32,"0142-filmicrgb-v6-euclidean-cpu",3.62
2026-04-23 06:03:45,"0143-denoiseprofiled-wave-rgb-cpu",5.77
2026-04-23 06:03:56,"0144-masks-combine-sum-cpu",3.90
2026-04-23 06:04:13,"0145-lens-metadata-xtransIV-modversion-6-cpu",9.31
2026-04-23 06:04:29,"0146-lens-metadata-xtransIV-modversion-7-cpu",8.75
2026-04-23 06:04:40,"0147-liquify-grow-shrink-cpu",4.08
2026-04-23 06:04:51,"0148-filmicv7-gamut-mapping-cpu",3.77
2026-04-23 06:05:02,"0149-gdnd-neg-cpu",4.01
2026-04-23 06:05:14,"0150-detail-mask-cpu",3.99
2026-04-23 06:05:29,"0151-sigmoid-no-hue-preservation-cpu",7.76
2026-04-23 06:05:40,"0152-rgb-primaries-cpu",3.60
2026-04-23 06:06:10,"0153-hl-reconstruct-filmicrgb-cpu",22.78
2026-04-23 06:06:22,"0154-framing-100-cpu",4.24
2026-04-23 06:06:35,"0155-framing-line-169-cpu",3.59
2026-04-23 06:06:48,"0156-exposure-guided-filter-new-feather-cpu",5.42
2026-04-23 06:07:01,"0157-enlarge-canvas-cpu",4.93
2026-04-23 06:07:16,"0158-coloreq-no-guided-filter-cpu",4.72
2026-04-23 06:07:30,"0159-coloreq-guided-filter-cpu",5.85
2026-04-23 06:07:44,"0160-overlay-cpu",5.03
2026-04-23 06:07:58,"0161-overlay-modules-before-after-cpu",6.16
2026-04-23 06:08:09,"0162-demosaic-lmmse-cpu",4.15
2026-04-23 06:08:21,"0163-demosaic-rcd-vng4-cpu",4.01
2026-04-23 06:08:34,"0164-demosaic-amaze-vng4-cpu",4.40
2026-04-23 06:08:52,"0165-demosaic-markesteijn-vng-cpu",9.37
2026-04-23 06:09:03,"0166-haze-removal-v2-cpu",3.31
2026-04-23 06:09:18,"0167-raster-mask-cpu",6.73
2026-04-23 06:09:29,"0168-lut3d-srgb-pyramid-cpu",3.02
2026-04-23 06:09:40,"0169-lut3d-adobe-trilinear-cpu",3.01
2026-04-23 06:09:50,"0170-lut3d-prophoto-tetrahedral-cpu",2.:0
2026-04-23 06:10:04,"0171-capture-sharpen-cpu",6.72
2026-04-23 06:10:17,"0172-capture-dual-rcd-cpu",4.58
2026-04-23 06:10:37,"0173-capture-dual-markesteijn-cpu",12.17
2026-04-23 06:10:49,"0174-agx-default-cpu",4.00
2026-04-23 06:11:00,"0175-agx-cpu",4.00
2026-04-23 06:11:16,"0176-color-harmonizer-cpu",7.55
2026-04-23 06:11:27,"0177-bayer4-cpu",3.57
